Starting a Gradle Daemon, 2 incompatible and 1 stopped Daemons could not be reused, use --status for details
./gradlew : 
No linha:1 caractere:1
+ ./gradlew :app:compileDebugJavaWithJavac > build_output.txt 2>&1
+ ~~~~~~~~~~~~~~~~~~~~~~~~~~~~~~~~~~~~~~~~~~~~~~~~~~~~~~~~~~~~~~~~
    + CategoryInfo          : NotSpecified: (:String) [], RemoteException
    + FullyQualifiedErrorId : NativeCommandError
 
FAILURE: Build failed with an exception.

* What went wrong:
Gradle requires JVM 17 or later to run. Your build is currently configured to 
use JVM 11.

* Try:
> Run with --stacktrace option to get the stack trace.
> Run with --info or --debug option to get more log output.
> Run with --scan to get full insights from a Build Scan (powered by 
Develocity).
> Get more help at https://help.gradle.org.
